// Jest Snapshot v1, https://goo.gl/fbAQLP

exports[`DragAndDropTable should render shallowly 1`] = `
<Provider
  columns={
    Array [
      Object {
        "header": Object {
          "label": "Scriptchart",
          "props": Object {
            "onMove": [Function],
          },
        },
        "property": "letter",
        "props": Object {
          "label": "Letter",
          "style": Object {
            "fontWeight": "bold",
          },
        },
      },
      Object {
        "header": Object {
          "label": "Manuscript A",
          "props": Object {
            "onMove": [Function],
          },
        },
        "property": "manuscript1",
        "props": Object {
          "label": "Manuscript A",
        },
      },
      Object {
        "header": Object {
          "label": "Manuscript B",
          "props": Object {
            "onMove": [Function],
          },
        },
        "property": "manuscript2",
        "props": Object {
          "label": "Manuscript B",
        },
      },
      Object {
        "header": Object {
          "label": "Manuscript C",
          "props": Object {
            "onMove": [Function],
          },
        },
        "property": "manuscript3",
        "props": Object {
          "label": "Manuscript C",
        },
      },
      Object {
        "header": Object {
          "label": "Manuscript D",
          "props": Object {
            "onMove": [Function],
          },
        },
        "property": "manuscript4",
        "props": Object {
          "label": "Manuscript D",
        },
      },
      Object {
        "header": Object {
          "label": "Manuscript E",
          "props": Object {
            "onMove": [Function],
          },
        },
        "property": "manuscript5",
        "props": Object {
          "label": "Manuscript E",
        },
      },
      Object {
        "header": Object {
          "label": "Manuscript F",
          "props": Object {
            "onMove": [Function],
          },
        },
        "property": "manuscript6",
        "props": Object {
          "label": "Manuscript F",
        },
      },
    ]
  }
  renderers={
    Object {
      "body": Object {
        "row": [Function],
      },
      "header": Object {
        "cell": [Function],
      },
    }
  }
>
  <Header
    headerRows={
      Array [
        Array [
          Object {
            "header": Object {
              "label": "Scriptchart",
              "props": Object {
                "onMove": [Function],
              },
            },
            "property": "letter",
            "props": Object {
              "label": "Letter",
              "rowSpan": 1,
              "style": Object {
                "fontWeight": "bold",
              },
            },
          },
          Object {
            "header": Object {
              "label": "Manuscript A",
              "props": Object {
                "onMove": [Function],
              },
            },
            "property": "manuscript1",
            "props": Object {
              "label": "Manuscript A",
              "rowSpan": 1,
            },
          },
          Object {
            "header": Object {
              "label": "Manuscript B",
              "props": Object {
                "onMove": [Function],
              },
            },
            "property": "manuscript2",
            "props": Object {
              "label": "Manuscript B",
              "rowSpan": 1,
            },
          },
          Object {
            "header": Object {
              "label": "Manuscript C",
              "props": Object {
                "onMove": [Function],
              },
            },
            "property": "manuscript3",
            "props": Object {
              "label": "Manuscript C",
              "rowSpan": 1,
            },
          },
          Object {
            "header": Object {
              "label": "Manuscript D",
              "props": Object {
                "onMove": [Function],
              },
            },
            "property": "manuscript4",
            "props": Object {
              "label": "Manuscript D",
              "rowSpan": 1,
            },
          },
          Object {
            "header": Object {
              "label": "Manuscript E",
              "props": Object {
                "onMove": [Function],
              },
            },
            "property": "manuscript5",
            "props": Object {
              "label": "Manuscript E",
              "rowSpan": 1,
            },
          },
          Object {
            "header": Object {
              "label": "Manuscript F",
              "props": Object {
                "onMove": [Function],
              },
            },
            "property": "manuscript6",
            "props": Object {
              "label": "Manuscript F",
              "rowSpan": 1,
            },
          },
        ],
      ]
    }
  />
  <Body
    onRow={[Function]}
    rowKey="id"
    rows={
      Array [
        Object {
          "_index": 0,
          "id": 1,
          "letter": "ʾĀlep̄",
          "manuscript1": <img
            alt="letter 1"
            src="test-file-stub"
          />,
          "manuscript2": <img
            alt="letter 2"
            src="test-file-stub"
          />,
          "manuscript3": <img
            alt="letter 3"
            src="test-file-stub"
          />,
          "manuscript4": <img
            alt="letter 4"
            src="test-file-stub"
          />,
          "manuscript5": <img
            alt="letter 5"
            src="test-file-stub"
          />,
          "manuscript6": <img
            alt="letter 6"
            src="test-file-stub"
          />,
        },
        Object {
          "_index": 1,
          "id": 2,
          "letter": "Bēṯ",
          "manuscript1": <img
            alt="letter 7"
            src="test-file-stub"
          />,
          "manuscript2": <img
            alt="letter 8"
            src="test-file-stub"
          />,
          "manuscript3": <img
            alt="letter 9"
            src="test-file-stub"
          />,
          "manuscript4": <img
            alt="letter 10"
            src="test-file-stub"
          />,
          "manuscript5": <img
            alt="letter 11"
            src="test-file-stub"
          />,
          "manuscript6": <img
            alt="letter 12"
            src="test-file-stub"
          />,
        },
        Object {
          "_index": 2,
          "id": 3,
          "letter": "Gāmal",
          "manuscript1": <img
            alt="letter 13"
            src="test-file-stub"
          />,
          "manuscript2": <img
            alt="letter 14"
            src="test-file-stub"
          />,
          "manuscript3": <img
            alt="letter 15"
            src="test-file-stub"
          />,
          "manuscript4": <img
            alt="letter 16"
            src="test-file-stub"
          />,
          "manuscript5": <img
            alt="letter 17"
            src="test-file-stub"
          />,
          "manuscript6": <img
            alt="letter 0"
            src="test-file-stub"
          />,
        },
        Object {
          "_index": 3,
          "id": 4,
          "letter": "Dālaṯ",
          "manuscript1": <img
            alt="letter 1"
            src="test-file-stub"
          />,
          "manuscript2": <img
            alt="letter 2"
            src="test-file-stub"
          />,
          "manuscript3": <img
            alt="letter 3"
            src="test-file-stub"
          />,
          "manuscript4": <img
            alt="letter 4"
            src="test-file-stub"
          />,
          "manuscript5": <img
            alt="letter 5"
            src="test-file-stub"
          />,
          "manuscript6": <img
            alt="letter 6"
            src="test-file-stub"
          />,
        },
        Object {
          "_index": 4,
          "id": 5,
          "letter": "Hē",
          "manuscript1": <img
            alt="letter 7"
            src="test-file-stub"
          />,
          "manuscript2": <img
            alt="letter 8"
            src="test-file-stub"
          />,
          "manuscript3": <img
            alt="letter 9"
            src="test-file-stub"
          />,
          "manuscript4": <img
            alt="letter 10"
            src="test-file-stub"
          />,
          "manuscript5": <img
            alt="letter 11"
            src="test-file-stub"
          />,
          "manuscript6": <img
            alt="letter 12"
            src="test-file-stub"
          />,
        },
        Object {
          "_index": 5,
          "id": 6,
          "letter": "Waw",
          "manuscript1": <img
            alt="letter 13"
            src="test-file-stub"
          />,
          "manuscript2": <img
            alt="letter 14"
            src="test-file-stub"
          />,
          "manuscript3": <img
            alt="letter 15"
            src="test-file-stub"
          />,
          "manuscript4": <img
            alt="letter 16"
            src="test-file-stub"
          />,
          "manuscript5": <img
            alt="letter 17"
            src="test-file-stub"
          />,
          "manuscript6": <img
            alt="letter 0"
            src="test-file-stub"
          />,
        },
      ]
    }
  />
</Provider>
`;
