// Jest Snapshot v1, https://goo.gl/fbAQLP

exports[`App test App should match snapshot 1`] = `
<div
  className="App"
>
  <div
    className="columns main-content"
  >
    <div
      className="button column is-narrow closed-menu sidebar-closed"
      onClick={[Function]}
    >
      <i
        className="fa fa-arrow-right"
        style={
          Object {
            "cursor": "pointer",
          }
        }
        title="Open the viewer options form."
      />
    </div>
    <div
      className="column is-one-fifth sidebar-open"
    >
      <div
        className="box small-padding"
      >
        <div
          className="box-header columns"
        >
          <div
            className="column is-three-quarters"
          >
            <h4
              className="title is-5"
            >
              Viewer options
            </h4>
          </div>
          <div
            className="column is-one-quarter"
          >
            <span
              className="icon arrow-button"
            >
              <i
                className="fa fa-arrow-left"
                onClick={[Function]}
                style={
                  Object {
                    "cursor": "pointer",
                  }
                }
                title="Close the viewer options form."
              />
            </span>
          </div>
        </div>
        <div
          className="box-content"
        >
          <form
            className="manuscript-form"
            onSubmit={[Function]}
          >
            <div
              className="field"
            >
              <div
                className="control"
                style={
                  Object {
                    "marginBottom": 5,
                  }
                }
              >
                <label
                  className="control"
                  htmlFor="selectedShelfmarks"
                >
                  Select manuscripts:
                   
                </label>
                <span
                  className="button is-small"
                  onClick={[Function]}
                >
                  All/None
                </span>
              </div>
              <div
                className="select is-multiple"
              >
                <select
                  id="selectedShelfmarks"
                  multiple={true}
                  name="selectedShelfmarks"
                  onChange={[Function]}
                  size="8"
                  style={
                    Object {
                      "fontFamily": "Helvetica Neue, FontAwesome",
                    }
                  }
                  type="string"
                  value={Array []}
                >
                  <option>
                    Finding manuscripts...
                  </option>
                </select>
              </div>
              <div
                className="control"
              >
                <p>
                  Order manuscripts by
                </p>
                <label
                  className="radio"
                  htmlFor="shelfmarkSort"
                >
                  <input
                    checked={true}
                    id="shelfmarkSort"
                    onChange={[Function]}
                    type="radio"
                    value="shelfmark"
                  />
                   
                  Shelfmark |
                </label>
                <label
                  className="radio"
                  htmlFor="dateSort"
                >
                  <input
                    checked={false}
                    id="dateSort"
                    onChange={[Function]}
                    type="radio"
                    value="date"
                  />
                   
                  Date
                </label>
              </div>
            </div>
            <div
              className="field"
            >
              <div
                className="control"
                style={
                  Object {
                    "marginBottom": 5,
                  }
                }
              >
                <label
                  className="control"
                >
                  Select letters: 
                </label>
                <span
                  className="button is-small"
                  onClick={[Function]}
                >
                  All/None
                </span>
              </div>
              <div
                className="buttons are-small"
              >
                <span
                  className="button is-outlined"
                  onClick={[Function]}
                >
                  <div
                    style={
                      Object {
                        "direction": "rtl",
                        "fontFamily": "EstrangeloEdessa",
                        "fontSize": "2em",
                        "verticalAlign": "center",
                      }
                    }
                    title="Alaph (Angular)"
                  >
                    ܐ
                  </div>
                </span>
                <span
                  className="button is-outlined"
                  onClick={[Function]}
                >
                  <div
                    style={
                      Object {
                        "direction": "rtl",
                        "fontFamily": "SertoJerusalem",
                        "fontSize": "2em",
                        "verticalAlign": "center",
                      }
                    }
                    title="Alaph (Round)"
                  >
                    ܐ
                  </div>
                </span>
                <span
                  className="button is-outlined"
                  onClick={[Function]}
                >
                  <div
                    style={
                      Object {
                        "direction": "rtl",
                        "fontFamily": "EstrangeloEdessa",
                        "fontSize": "2em",
                        "verticalAlign": "center",
                      }
                    }
                    title="Beth"
                  >
                    ܒ
                  </div>
                </span>
                <span
                  className="button is-outlined"
                  onClick={[Function]}
                >
                  <div
                    style={
                      Object {
                        "direction": "rtl",
                        "fontFamily": "EstrangeloEdessa",
                        "fontSize": "2em",
                        "verticalAlign": "center",
                      }
                    }
                    title="Gamal"
                  >
                    ܓ
                  </div>
                </span>
                <span
                  className="button is-outlined"
                  onClick={[Function]}
                >
                  <div
                    style={
                      Object {
                        "direction": "rtl",
                        "fontFamily": "EstrangeloEdessa",
                        "fontSize": "2em",
                        "verticalAlign": "center",
                      }
                    }
                    title="Dalath (Angular)"
                  >
                    ܕ
                  </div>
                </span>
                <span
                  className="button is-outlined"
                  onClick={[Function]}
                >
                  <div
                    style={
                      Object {
                        "direction": "rtl",
                        "fontFamily": "SertoJerusalem",
                        "fontSize": "2em",
                        "verticalAlign": "center",
                      }
                    }
                    title="Dalath (Round)"
                  >
                    ܕ
                  </div>
                </span>
                <span
                  className="button is-outlined"
                  onClick={[Function]}
                >
                  <div
                    style={
                      Object {
                        "direction": "rtl",
                        "fontFamily": "EstrangeloEdessa",
                        "fontSize": "2em",
                        "verticalAlign": "center",
                      }
                    }
                    title="He (Angular)"
                  >
                    ܗ
                  </div>
                </span>
                <span
                  className="button is-outlined"
                  onClick={[Function]}
                >
                  <div
                    style={
                      Object {
                        "direction": "rtl",
                        "fontFamily": "SertoJerusalem",
                        "fontSize": "2em",
                        "verticalAlign": "center",
                      }
                    }
                    title="He (Round)"
                  >
                    ܗ
                  </div>
                </span>
                <span
                  className="button is-outlined"
                  onClick={[Function]}
                >
                  <div
                    style={
                      Object {
                        "direction": "rtl",
                        "fontFamily": "EstrangeloEdessa",
                        "fontSize": "2em",
                        "verticalAlign": "center",
                      }
                    }
                    title="Waw"
                  >
                    ܘ
                  </div>
                </span>
                <span
                  className="button is-outlined"
                  onClick={[Function]}
                >
                  <div
                    style={
                      Object {
                        "direction": "rtl",
                        "fontFamily": "EstrangeloEdessa",
                        "fontSize": "2em",
                        "verticalAlign": "center",
                      }
                    }
                    title="Zain"
                  >
                    ܙ
                  </div>
                </span>
                <span
                  className="button is-outlined"
                  onClick={[Function]}
                >
                  <div
                    style={
                      Object {
                        "direction": "rtl",
                        "fontFamily": "EstrangeloEdessa",
                        "fontSize": "2em",
                        "verticalAlign": "center",
                      }
                    }
                    title="Heth"
                  >
                    ܚ
                  </div>
                </span>
                <span
                  className="button is-outlined"
                  onClick={[Function]}
                >
                  <div
                    style={
                      Object {
                        "direction": "rtl",
                        "fontFamily": "EstrangeloEdessa",
                        "fontSize": "2em",
                        "verticalAlign": "center",
                      }
                    }
                    title="Teth"
                  >
                    ܛ
                  </div>
                </span>
                <span
                  className="button is-outlined"
                  onClick={[Function]}
                >
                  <div
                    style={
                      Object {
                        "verticalAlign": "center",
                      }
                    }
                    title="Yudh (Connected)"
                  >
                    <img
                      className="button-image "
                      src="/scriptchart/assets/font_glyphs/yudh_connected.svg"
                    />
                  </div>
                </span>
                <span
                  className="button is-outlined"
                  onClick={[Function]}
                >
                  <div
                    style={
                      Object {
                        "direction": "rtl",
                        "fontFamily": "EstrangeloEdessa",
                        "fontSize": "2em",
                        "verticalAlign": "center",
                      }
                    }
                    title="Yudh (Stand-alone)"
                  >
                    ܝ
                  </div>
                </span>
                <span
                  className="button is-outlined"
                  onClick={[Function]}
                >
                  <div
                    style={
                      Object {
                        "verticalAlign": "center",
                      }
                    }
                    title="Kaph"
                  >
                    <img
                      className="button-image "
                      src="/scriptchart/assets/font_glyphs/kaph.svg"
                    />
                  </div>
                </span>
                <span
                  className="button is-outlined"
                  onClick={[Function]}
                >
                  <div
                    style={
                      Object {
                        "direction": "rtl",
                        "fontFamily": "EstrangeloEdessa",
                        "fontSize": "2em",
                        "verticalAlign": "center",
                      }
                    }
                    title="Kaph (Final)"
                  >
                    ܟ
                  </div>
                </span>
                <span
                  className="button is-outlined"
                  onClick={[Function]}
                >
                  <div
                    style={
                      Object {
                        "direction": "rtl",
                        "fontFamily": "EstrangeloEdessa",
                        "fontSize": "2em",
                        "verticalAlign": "center",
                      }
                    }
                    title="Lamadh (Final, open)"
                  >
                    ܠ
                  </div>
                </span>
                <span
                  className="button is-outlined"
                  onClick={[Function]}
                >
                  <div
                    style={
                      Object {
                        "verticalAlign": "center",
                      }
                    }
                    title="Lamadh"
                  >
                    <img
                      className="button-image "
                      src="/scriptchart/assets/font_glyphs/lamadh.svg"
                    />
                  </div>
                </span>
                <span
                  className="button is-outlined"
                  onClick={[Function]}
                >
                  <div
                    style={
                      Object {
                        "direction": "rtl",
                        "fontFamily": "SertoJerusalem",
                        "fontSize": "2em",
                        "verticalAlign": "center",
                      }
                    }
                    title="Lamadh (Final, closed)"
                  >
                    ܠ
                  </div>
                </span>
                <span
                  className="button is-outlined"
                  onClick={[Function]}
                >
                  <div
                    style={
                      Object {
                        "verticalAlign": "center",
                      }
                    }
                    title="Mim"
                  >
                    <img
                      className="button-image "
                      src="/scriptchart/assets/font_glyphs/mim.svg"
                    />
                  </div>
                </span>
                <span
                  className="button is-outlined"
                  onClick={[Function]}
                >
                  <div
                    style={
                      Object {
                        "direction": "rtl",
                        "fontFamily": "EstrangeloEdessa",
                        "fontSize": "2em",
                        "verticalAlign": "center",
                      }
                    }
                    title="Mim (Final)"
                  >
                    ܡ
                  </div>
                </span>
                <span
                  className="button is-outlined"
                  onClick={[Function]}
                >
                  <div
                    style={
                      Object {
                        "verticalAlign": "center",
                      }
                    }
                    title="Nun"
                  >
                    <img
                      className="button-image "
                      src="/scriptchart/assets/font_glyphs/nun.svg"
                    />
                  </div>
                </span>
                <span
                  className="button is-outlined"
                  onClick={[Function]}
                >
                  <div
                    style={
                      Object {
                        "verticalAlign": "center",
                      }
                    }
                    title="Nun (Final, connected)"
                  >
                    <img
                      className="button-image "
                      src="/scriptchart/assets/font_glyphs/nun_final.svg"
                    />
                  </div>
                </span>
                <span
                  className="button is-outlined"
                  onClick={[Function]}
                >
                  <div
                    style={
                      Object {
                        "direction": "rtl",
                        "fontFamily": "EstrangeloEdessa",
                        "fontSize": "2em",
                        "verticalAlign": "center",
                      }
                    }
                    title="Nun (Final, unconnected)"
                  >
                    ܢ
                  </div>
                </span>
                <span
                  className="button is-outlined"
                  onClick={[Function]}
                >
                  <div
                    style={
                      Object {
                        "direction": "rtl",
                        "fontFamily": "EstrangeloEdessa",
                        "fontSize": "2em",
                        "verticalAlign": "center",
                      }
                    }
                    title="Semkath"
                  >
                    ܣ
                  </div>
                </span>
                <span
                  className="button is-outlined"
                  onClick={[Function]}
                >
                  <div
                    style={
                      Object {
                        "direction": "rtl",
                        "fontFamily": "EstrangeloEdessa",
                        "fontSize": "2em",
                        "verticalAlign": "center",
                      }
                    }
                    title="Ayin"
                  >
                    ܥ
                  </div>
                </span>
                <span
                  className="button is-outlined"
                  onClick={[Function]}
                >
                  <div
                    style={
                      Object {
                        "direction": "rtl",
                        "fontFamily": "EstrangeloEdessa",
                        "fontSize": "2em",
                        "verticalAlign": "center",
                      }
                    }
                    title="Pe"
                  >
                    ܦ
                  </div>
                </span>
                <span
                  className="button is-outlined"
                  onClick={[Function]}
                >
                  <div
                    style={
                      Object {
                        "direction": "rtl",
                        "fontFamily": "EstrangeloEdessa",
                        "fontSize": "2em",
                        "verticalAlign": "center",
                      }
                    }
                    title="Sadhe"
                  >
                    ܨ
                  </div>
                </span>
                <span
                  className="button is-outlined"
                  onClick={[Function]}
                >
                  <div
                    style={
                      Object {
                        "direction": "rtl",
                        "fontFamily": "EstrangeloEdessa",
                        "fontSize": "2em",
                        "verticalAlign": "center",
                      }
                    }
                    title="Qaph"
                  >
                    ܩ
                  </div>
                </span>
                <span
                  className="button is-outlined"
                  onClick={[Function]}
                >
                  <div
                    style={
                      Object {
                        "direction": "rtl",
                        "fontFamily": "EstrangeloEdessa",
                        "fontSize": "2em",
                        "verticalAlign": "center",
                      }
                    }
                    title="Rish (Angular)"
                  >
                    ܪ
                  </div>
                </span>
                <span
                  className="button is-outlined"
                  onClick={[Function]}
                >
                  <div
                    style={
                      Object {
                        "direction": "rtl",
                        "fontFamily": "SertoJerusalem",
                        "fontSize": "2em",
                        "verticalAlign": "center",
                      }
                    }
                    title="Rish (Round)"
                  >
                    ܪ
                  </div>
                </span>
                <span
                  className="button is-outlined"
                  onClick={[Function]}
                >
                  <div
                    style={
                      Object {
                        "direction": "rtl",
                        "fontFamily": "EstrangeloEdessa",
                        "fontSize": "2em",
                        "verticalAlign": "center",
                      }
                    }
                    title="Shin"
                  >
                    ܫ
                  </div>
                </span>
                <span
                  className="button is-outlined"
                  onClick={[Function]}
                >
                  <div
                    style={
                      Object {
                        "direction": "rtl",
                        "fontFamily": "EstrangeloEdessa",
                        "fontSize": "2em",
                        "verticalAlign": "center",
                      }
                    }
                    title="Taw (Looped)"
                  >
                    ܬ
                  </div>
                </span>
                <span
                  className="button is-outlined"
                  onClick={[Function]}
                >
                  <div
                    style={
                      Object {
                        "verticalAlign": "center",
                      }
                    }
                    title="Taw (Triangular)"
                  >
                    <img
                      className="button-image "
                      src="/scriptchart/assets/font_glyphs/taw_triangular.svg"
                    />
                  </div>
                </span>
                <span
                  className="button is-outlined"
                  onClick={[Function]}
                >
                  <div
                    style={
                      Object {
                        "direction": "rtl",
                        "fontFamily": "SertoJerusalem",
                        "fontSize": "2em",
                        "verticalAlign": "center",
                      }
                    }
                    title="Taw (L-shaped)"
                  >
                    ܬ
                  </div>
                </span>
              </div>
            </div>
            <div
              className="field is-horizontal flex-row"
            >
              <label
                className="control"
                htmlFor="letterExamples"
              >
                Number of examples:
                 
              </label>
              <div
                className="select is-small"
                style={
                  Object {
                    "marginLeft": "5px",
                  }
                }
              >
                <select
                  id="letterExamples"
                  name="letterExamples"
                  onChange={[Function]}
                  type="number"
                  value={3}
                >
                  <option>
                    1
                  </option>
                  <option>
                    3
                  </option>
                  <option>
                    5
                  </option>
                </select>
              </div>
            </div>
            <div
              className="control"
            >
              <p>
                Show letter images:
              </p>
              <label
                className="checkbox"
                htmlFor="showBinarized"
              >
                <input
                  checked={true}
                  id="showBinarized"
                  name="showBinarized"
                  onChange={[Function]}
                  type="checkbox"
                />
                 Trimmed |
              </label>
              <label
                className="checkbox"
                htmlFor="showCropped"
                style={
                  Object {
                    "marginLeft": "8px",
                  }
                }
              >
                <input
                  checked={true}
                  id="showCropped"
                  name="showCropped"
                  onChange={[Function]}
                  type="checkbox"
                />
                 Untrimmed
              </label>
            </div>
            <div
              className="field is-horizontal flex-row"
            >
              <label
                className="control"
                htmlFor="imageSize"
              >
                Image size:
                 
              </label>
              <div
                className="select is-small"
                style={
                  Object {
                    "marginLeft": "5px",
                  }
                }
              >
                <select
                  id="imageSize"
                  name="imageSize"
                  onChange={[Function]}
                  type="string"
                  value="Medium"
                >
                  <option>
                    Small
                  </option>
                  <option>
                    Medium
                  </option>
                  <option>
                    Large
                  </option>
                </select>
              </div>
            </div>
            <div
              className="control"
            >
              Letter in context:
              <ul>
                <li>
                  <label
                    className="radio"
                    htmlFor="hoverContext"
                  >
                    <input
                      checked={true}
                      id="hoverContext"
                      onChange={[Function]}
                      type="radio"
                      value="hover"
                    />
                     
                    Show on hover
                  </label>
                </li>
                <li>
                  <label
                    className="radio"
                    htmlFor="clickContext"
                  >
                    <input
                      checked={false}
                      id="clickContext"
                      onChange={[Function]}
                      type="radio"
                      value="click"
                    />
                     
                    Show on click
                  </label>
                </li>
              </ul>
            </div>
            <div
              className="field is-horizontal flex-row"
            >
              <label
                className="control"
                htmlFor="cropMargin"
              >
                Context size:
                 
              </label>
              <div
                className="select is-small"
                style={
                  Object {
                    "marginLeft": "5px",
                  }
                }
              >
                <select
                  id="cropMargin"
                  name="cropMargin"
                  onChange={[Function]}
                  type="string"
                  value="Medium"
                >
                  <option>
                    Small
                  </option>
                  <option>
                    Medium
                  </option>
                  <option>
                    Large
                  </option>
                  <option>
                    X-Large
                  </option>
                </select>
              </div>
            </div>
            <div
              className="field"
            >
              <div
                className="control"
              >
                <button
                  className="button is-link"
                >
                  Submit
                </button>
              </div>
            </div>
          </form>
        </div>
      </div>
    </div>
    <div
      className="column"
    >
      <div>
        <span>
          <strong>
            Please select one or more manuscripts and letters from the options menu, then click the "Submit" button.
          </strong>
        </span>
      </div>
    </div>
  </div>
</div>
`;
