// Jest Snapshot v1, https://goo.gl/fbAQLP

exports[`App test App should match snapshot 1`] = `
<div
  className="App"
>
  <div
    className="columns main-content"
  >
    <div
      className="button column is-narrow closed-menu sidebar-closed"
      onClick={[Function]}
    >
      <svg
        aria-labelledby="svg-inline--fa-title-ccf3o3PJv5qE"
        className="svg-inline--fa fa-arrow-right fa-w-14 "
        data-icon="arrow-right"
        data-prefix="fas"
        onClick={[Function]}
        role="img"
        style={
          Object {
            "cursor": "pointer",
          }
        }
        viewBox="0 0 448 512"
        xmlns="http://www.w3.org/2000/svg"
      >
        <title
          id="svg-inline--fa-title-ccf3o3PJv5qE"
          style={Object {}}
        >
          Open the viewer options form.
        </title>
        <path
          d="M190.5 66.9l22.2-22.2c9.4-9.4 24.6-9.4 33.9 0L441 239c9.4 9.4 9.4 24.6 0 33.9L246.6 467.3c-9.4 9.4-24.6 9.4-33.9 0l-22.2-22.2c-9.5-9.5-9.3-25 .4-34.3L311.4 296H24c-13.3 0-24-10.7-24-24v-32c0-13.3 10.7-24 24-24h287.4L190.9 101.2c-9.8-9.3-10-24.8-.4-34.3z"
          fill="currentColor"
          style={Object {}}
        />
      </svg>
    </div>
    <div
      className="column is-one-fifth sidebar-open"
    >
      <div
        className="box small-padding"
      >
        <div
          className="box-header columns"
        >
          <div
            className="column is-three-quarters"
          >
            <h4
              className="title is-5"
            >
              Viewer options
            </h4>
          </div>
          <div
            className="column is-one-quarter"
          >
            <span
              className="icon arrow-button"
              onClick={[Function]}
            >
              <svg
                aria-labelledby="svg-inline--fa-title-f48SOkkXWxgS"
                className="svg-inline--fa fa-arrow-left fa-w-14 "
                data-icon="arrow-left"
                data-prefix="fas"
                onClick={[Function]}
                role="img"
                style={
                  Object {
                    "cursor": "pointer",
                  }
                }
                viewBox="0 0 448 512"
                xmlns="http://www.w3.org/2000/svg"
              >
                <title
                  id="svg-inline--fa-title-f48SOkkXWxgS"
                  style={Object {}}
                >
                  Close the viewer options form.
                </title>
                <path
                  d="M257.5 445.1l-22.2 22.2c-9.4 9.4-24.6 9.4-33.9 0L7 273c-9.4-9.4-9.4-24.6 0-33.9L201.4 44.7c9.4-9.4 24.6-9.4 33.9 0l22.2 22.2c9.5 9.5 9.3 25-.4 34.3L136.6 216H424c13.3 0 24 10.7 24 24v32c0 13.3-10.7 24-24 24H136.6l120.5 114.8c9.8 9.3 10 24.8.4 34.3z"
                  fill="currentColor"
                  style={Object {}}
                />
              </svg>
            </span>
          </div>
        </div>
        <div
          className="box-content"
        >
          <form
            className="manuscript-form"
            onSubmit={[Function]}
          >
            <div
              className="field"
            >
              <div
                className="control"
                style={
                  Object {
                    "marginBottom": 5,
                  }
                }
              >
                <label
                  className="control"
                  for="selectedShelfmarks"
                >
                  Select manuscripts:
                   
                </label>
                <span
                  className="button is-small"
                  onClick={[Function]}
                >
                  All/None
                </span>
              </div>
              <div
                className="select is-multiple"
              >
                <select
                  id="selectedShelfmarks"
                  multiple={true}
                  name="selectedShelfmarks"
                  onChange={[Function]}
                  size="8"
                  style={
                    Object {
                      "fontFamily": "Helvetica Neue, FontAwesome",
                    }
                  }
                  type="string"
                  value={Array []}
                >
                  <option>
                    Finding manuscripts...
                  </option>
                </select>
              </div>
              <div
                className="control"
              >
                <p>
                  Order manuscripts by
                </p>
                <label
                  className="radio"
                  for="shelfmarkSort"
                >
                  <input
                    checked={true}
                    id="shelfmarkSort"
                    onChange={[Function]}
                    type="radio"
                    value="shelfmark"
                  />
                   
                  Shelfmark |
                </label>
                <label
                  className="radio"
                  for="dateSort"
                >
                  <input
                    checked={false}
                    id="dateSort"
                    onChange={[Function]}
                    type="radio"
                    value="date"
                  />
                   
                  Date
                </label>
              </div>
            </div>
            <div
              className="field"
            >
              <div
                className="control"
                style={
                  Object {
                    "marginBottom": 5,
                  }
                }
              >
                <label
                  className="control"
                >
                  Select letters: 
                </label>
                <span
                  className="button is-small"
                  onClick={[Function]}
                >
                  All/None
                </span>
              </div>
              <div
                className="buttons are-small"
              >
                <span
                  className="button is-outlined"
                  onClick={[Function]}
                >
                  <span
                    style={
                      Object {
                        "direction": "rtl",
                        "fontFamily": "EstrangeloEdessa",
                        "fontSize": "2em",
                      }
                    }
                    title="ܐ"
                  >
                    
                    ܐ
                    
                  </span>
                </span>
                <span
                  className="button is-outlined"
                  onClick={[Function]}
                >
                  <span
                    style={
                      Object {
                        "direction": "rtl",
                        "fontFamily": "SertoJerusalem",
                        "fontSize": "2em",
                      }
                    }
                    title="ܐ"
                  >
                    
                    ܐ
                    
                  </span>
                </span>
                <span
                  className="button is-outlined"
                  onClick={[Function]}
                >
                  <span
                    style={
                      Object {
                        "direction": "rtl",
                        "fontFamily": "EstrangeloEdessa",
                        "fontSize": "2em",
                      }
                    }
                    title="ܒ"
                  >
                    
                    ܒ
                    
                  </span>
                </span>
                <span
                  className="button is-outlined"
                  onClick={[Function]}
                >
                  <span
                    style={
                      Object {
                        "direction": "rtl",
                        "fontFamily": "EstrangeloEdessa",
                        "fontSize": "2em",
                      }
                    }
                    title="ܓ"
                  >
                    
                    ܓ
                    
                  </span>
                </span>
                <span
                  className="button is-outlined"
                  onClick={[Function]}
                >
                  <span
                    style={
                      Object {
                        "direction": "rtl",
                        "fontFamily": "EstrangeloEdessa",
                        "fontSize": "2em",
                      }
                    }
                    title="ܕ"
                  >
                    
                    ܕ
                    
                  </span>
                </span>
                <span
                  className="button is-outlined"
                  onClick={[Function]}
                >
                  <span
                    style={
                      Object {
                        "direction": "rtl",
                        "fontFamily": "SertoJerusalem",
                        "fontSize": "2em",
                      }
                    }
                    title="ܕ"
                  >
                    
                    ܕ
                    
                  </span>
                </span>
                <span
                  className="button is-outlined"
                  onClick={[Function]}
                >
                  <span
                    style={
                      Object {
                        "direction": "rtl",
                        "fontFamily": "EstrangeloEdessa",
                        "fontSize": "2em",
                      }
                    }
                    title="ܗ"
                  >
                    
                    ܗ
                    
                  </span>
                </span>
                <span
                  className="button is-outlined"
                  onClick={[Function]}
                >
                  <span
                    style={
                      Object {
                        "direction": "rtl",
                        "fontFamily": "SertoJerusalem",
                        "fontSize": "2em",
                      }
                    }
                    title="ܗ"
                  >
                    
                    ܗ
                    
                  </span>
                </span>
                <span
                  className="button is-outlined"
                  onClick={[Function]}
                >
                  <span
                    style={
                      Object {
                        "direction": "rtl",
                        "fontFamily": "EstrangeloEdessa",
                        "fontSize": "2em",
                      }
                    }
                    title="ܘ"
                  >
                    
                    ܘ
                    
                  </span>
                </span>
                <span
                  className="button is-outlined"
                  onClick={[Function]}
                >
                  <span
                    style={
                      Object {
                        "direction": "rtl",
                        "fontFamily": "EstrangeloEdessa",
                        "fontSize": "2em",
                      }
                    }
                    title="ܙ"
                  >
                    
                    ܙ
                    
                  </span>
                </span>
                <span
                  className="button is-outlined"
                  onClick={[Function]}
                >
                  <span
                    style={
                      Object {
                        "direction": "rtl",
                        "fontFamily": "EstrangeloEdessa",
                        "fontSize": "2em",
                      }
                    }
                    title="ܚ"
                  >
                    
                    ܚ
                    
                  </span>
                </span>
                <span
                  className="button is-outlined"
                  onClick={[Function]}
                >
                  <span
                    style={
                      Object {
                        "direction": "rtl",
                        "fontFamily": "EstrangeloEdessa",
                        "fontSize": "2em",
                      }
                    }
                    title="ܛ"
                  >
                    
                    ܛ
                    
                  </span>
                </span>
                <span
                  className="button is-outlined"
                  onClick={[Function]}
                >
                  <span
                    style={
                      Object {
                        "direction": "rtl",
                        "fontFamily": "EstrangeloEdessa",
                        "fontSize": "2em",
                      }
                    }
                    title="ܝ"
                  >
                    <span
                      style={
                        Object {
                          "color": "transparent",
                        }
                      }
                    >
                      ܝ
                    </span>
                    ܝ
                    <span
                      style={
                        Object {
                          "color": "transparent",
                        }
                      }
                    >
                      ܝ
                    </span>
                  </span>
                </span>
                <span
                  className="button is-outlined"
                  onClick={[Function]}
                >
                  <span
                    style={
                      Object {
                        "direction": "rtl",
                        "fontFamily": "EstrangeloEdessa",
                        "fontSize": "2em",
                      }
                    }
                    title="ܝ"
                  >
                    
                    ܝ
                    
                  </span>
                </span>
                <span
                  className="button is-outlined"
                  onClick={[Function]}
                >
                  <span
                    style={
                      Object {
                        "direction": "rtl",
                        "fontFamily": "EstrangeloEdessa",
                        "fontSize": "2em",
                      }
                    }
                    title="ܟ"
                  >
                    
                    ܟ
                    <span
                      style={
                        Object {
                          "color": "transparent",
                        }
                      }
                    >
                      ܝ
                    </span>
                  </span>
                </span>
                <span
                  className="button is-outlined"
                  onClick={[Function]}
                >
                  <span
                    style={
                      Object {
                        "direction": "rtl",
                        "fontFamily": "EstrangeloEdessa",
                        "fontSize": "2em",
                      }
                    }
                    title="ܟ"
                  >
                    
                    ܟ
                    
                  </span>
                </span>
                <span
                  className="button is-outlined"
                  onClick={[Function]}
                >
                  <span
                    style={
                      Object {
                        "direction": "rtl",
                        "fontFamily": "EstrangeloEdessa",
                        "fontSize": "2em",
                      }
                    }
                    title="ܠ"
                  >
                    
                    ܠ
                    
                  </span>
                </span>
                <span
                  className="button is-outlined"
                  onClick={[Function]}
                >
                  <span
                    style={
                      Object {
                        "direction": "rtl",
                        "fontFamily": "EstrangeloEdessa",
                        "fontSize": "2em",
                      }
                    }
                    title="ܠ"
                  >
                    <span
                      style={
                        Object {
                          "color": "transparent",
                        }
                      }
                    >
                      ܝ
                    </span>
                    ܠ
                    
                  </span>
                </span>
                <span
                  className="button is-outlined"
                  onClick={[Function]}
                >
                  <span
                    style={
                      Object {
                        "direction": "rtl",
                        "fontFamily": "SertoJerusalem",
                        "fontSize": "2em",
                      }
                    }
                    title="ܠ"
                  >
                    
                    ܠ
                    
                  </span>
                </span>
                <span
                  className="button is-outlined"
                  onClick={[Function]}
                >
                  <span
                    style={
                      Object {
                        "direction": "rtl",
                        "fontFamily": "EstrangeloEdessa",
                        "fontSize": "2em",
                      }
                    }
                    title="ܡ"
                  >
                    
                    ܡ
                    <span
                      style={
                        Object {
                          "color": "transparent",
                        }
                      }
                    >
                      ܝ
                    </span>
                  </span>
                </span>
                <span
                  className="button is-outlined"
                  onClick={[Function]}
                >
                  <span
                    style={
                      Object {
                        "direction": "rtl",
                        "fontFamily": "EstrangeloEdessa",
                        "fontSize": "2em",
                      }
                    }
                    title="ܡ"
                  >
                    
                    ܡ
                    
                  </span>
                </span>
                <span
                  className="button is-outlined"
                  onClick={[Function]}
                >
                  <span
                    style={
                      Object {
                        "direction": "rtl",
                        "fontFamily": "EstrangeloEdessa",
                        "fontSize": "2em",
                      }
                    }
                    title="ܢ"
                  >
                    
                    ܢ
                    <span
                      style={
                        Object {
                          "color": "transparent",
                        }
                      }
                    >
                      ܝ
                    </span>
                  </span>
                </span>
                <span
                  className="button is-outlined"
                  onClick={[Function]}
                >
                  <span
                    style={
                      Object {
                        "direction": "rtl",
                        "fontFamily": "EstrangeloEdessa",
                        "fontSize": "2em",
                      }
                    }
                    title="ܢ"
                  >
                    <span
                      style={
                        Object {
                          "color": "transparent",
                        }
                      }
                    >
                      ܝ
                    </span>
                    ܢ
                    
                  </span>
                </span>
                <span
                  className="button is-outlined"
                  onClick={[Function]}
                >
                  <span
                    style={
                      Object {
                        "direction": "rtl",
                        "fontFamily": "EstrangeloEdessa",
                        "fontSize": "2em",
                      }
                    }
                    title="ܢ"
                  >
                    
                    ܢ
                    
                  </span>
                </span>
                <span
                  className="button is-outlined"
                  onClick={[Function]}
                >
                  <span
                    style={
                      Object {
                        "direction": "rtl",
                        "fontFamily": "EstrangeloEdessa",
                        "fontSize": "2em",
                      }
                    }
                    title="ܣ"
                  >
                    
                    ܣ
                    
                  </span>
                </span>
                <span
                  className="button is-outlined"
                  onClick={[Function]}
                >
                  <span
                    style={
                      Object {
                        "direction": "rtl",
                        "fontFamily": "EstrangeloEdessa",
                        "fontSize": "2em",
                      }
                    }
                    title="ܥ"
                  >
                    
                    ܥ
                    
                  </span>
                </span>
                <span
                  className="button is-outlined"
                  onClick={[Function]}
                >
                  <span
                    style={
                      Object {
                        "direction": "rtl",
                        "fontFamily": "EstrangeloEdessa",
                        "fontSize": "2em",
                      }
                    }
                    title="ܦ"
                  >
                    
                    ܦ
                    
                  </span>
                </span>
                <span
                  className="button is-outlined"
                  onClick={[Function]}
                >
                  <span
                    style={
                      Object {
                        "direction": "rtl",
                        "fontFamily": "EstrangeloEdessa",
                        "fontSize": "2em",
                      }
                    }
                    title="ܨ"
                  >
                    
                    ܨ
                    
                  </span>
                </span>
                <span
                  className="button is-outlined"
                  onClick={[Function]}
                >
                  <span
                    style={
                      Object {
                        "direction": "rtl",
                        "fontFamily": "EstrangeloEdessa",
                        "fontSize": "2em",
                      }
                    }
                    title="ܩ"
                  >
                    
                    ܩ
                    
                  </span>
                </span>
                <span
                  className="button is-outlined"
                  onClick={[Function]}
                >
                  <span
                    style={
                      Object {
                        "direction": "rtl",
                        "fontFamily": "EstrangeloEdessa",
                        "fontSize": "2em",
                      }
                    }
                    title="ܪ"
                  >
                    
                    ܪ
                    
                  </span>
                </span>
                <span
                  className="button is-outlined"
                  onClick={[Function]}
                >
                  <span
                    style={
                      Object {
                        "direction": "rtl",
                        "fontFamily": "SertoJerusalem",
                        "fontSize": "2em",
                      }
                    }
                    title="ܪ"
                  >
                    
                    ܪ
                    
                  </span>
                </span>
                <span
                  className="button is-outlined"
                  onClick={[Function]}
                >
                  <span
                    style={
                      Object {
                        "direction": "rtl",
                        "fontFamily": "EstrangeloEdessa",
                        "fontSize": "2em",
                      }
                    }
                    title="ܫ"
                  >
                    
                    ܫ
                    
                  </span>
                </span>
                <span
                  className="button is-outlined"
                  onClick={[Function]}
                >
                  <span
                    style={
                      Object {
                        "direction": "rtl",
                        "fontFamily": "EstrangeloEdessa",
                        "fontSize": "2em",
                      }
                    }
                    title="ܬ"
                  >
                    
                    ܬ
                    
                  </span>
                </span>
                <span
                  className="button is-outlined"
                  onClick={[Function]}
                >
                  <span
                    style={
                      Object {
                        "direction": "rtl",
                        "fontFamily": "SertoJerusalem",
                        "fontSize": "2em",
                      }
                    }
                    title="ܬ"
                  >
                    <span
                      style={
                        Object {
                          "color": "transparent",
                        }
                      }
                    >
                      ܝ
                    </span>
                    ܬ
                    
                  </span>
                </span>
                <span
                  className="button is-outlined"
                  onClick={[Function]}
                >
                  <span
                    style={
                      Object {
                        "direction": "rtl",
                        "fontFamily": "SertoJerusalem",
                        "fontSize": "2em",
                      }
                    }
                    title="ܬ"
                  >
                    
                    ܬ
                    
                  </span>
                </span>
              </div>
            </div>
            <div
              className="field is-horizontal flex-row"
            >
              <label
                className="control"
                for="letterExamples"
              >
                Number of examples:
                 
              </label>
              <div
                className="select is-small"
                style={
                  Object {
                    "marginLeft": "5px",
                  }
                }
              >
                <select
                  id="letterExamples"
                  name="letterExamples"
                  onChange={[Function]}
                  type="number"
                  value={3}
                >
                  <option>
                    1
                  </option>
                  <option>
                    3
                  </option>
                  <option>
                    5
                  </option>
                </select>
              </div>
            </div>
            <div
              className="control"
            >
              <p>
                Show letter images:
              </p>
              <label
                className="checkbox"
                for="showBinarized"
              >
                <input
                  checked={true}
                  id="showBinarized"
                  name="showBinarized"
                  onChange={[Function]}
                  type="checkbox"
                />
                 Trimmed |
              </label>
              <label
                className="checkbox"
                for="showCropped"
                style={
                  Object {
                    "marginLeft": "8px",
                  }
                }
              >
                <input
                  checked={true}
                  id="showCropped"
                  name="showCropped"
                  onChange={[Function]}
                  type="checkbox"
                />
                 Untrimmed
              </label>
            </div>
            <div
              className="field is-horizontal flex-row"
            >
              <label
                className="control"
                for="imageSize"
              >
                Image size:
                 
              </label>
              <div
                className="select is-small"
                style={
                  Object {
                    "marginLeft": "5px",
                  }
                }
              >
                <select
                  id="imageSize"
                  name="imageSize"
                  onChange={[Function]}
                  type="string"
                  value="Medium"
                >
                  <option>
                    Small
                  </option>
                  <option>
                    Medium
                  </option>
                  <option>
                    Large
                  </option>
                </select>
              </div>
            </div>
            <div
              className="control"
            >
              Letter in context:
              <ul>
                <li>
                  <label
                    className="radio"
                    for="hoverContext"
                  >
                    <input
                      checked={true}
                      id="hoverContext"
                      onChange={[Function]}
                      type="radio"
                      value="hover"
                    />
                     
                    Show on hover
                  </label>
                </li>
                <li>
                  <label
                    className="radio"
                    for="clickContext"
                  >
                    <input
                      checked={false}
                      id="clickContext"
                      onChange={[Function]}
                      type="radio"
                      value="click"
                    />
                     
                    Show on click
                  </label>
                </li>
              </ul>
            </div>
            <div
              className="field is-horizontal flex-row"
            >
              <label
                className="control"
                for="cropMargin"
              >
                Context size:
                 
              </label>
              <div
                className="select is-small"
                style={
                  Object {
                    "marginLeft": "5px",
                  }
                }
              >
                <select
                  id="cropMargin"
                  name="cropMargin"
                  onChange={[Function]}
                  type="string"
                  value="Medium"
                >
                  <option>
                    Small
                  </option>
                  <option>
                    Medium
                  </option>
                  <option>
                    Large
                  </option>
                  <option>
                    X-Large
                  </option>
                </select>
              </div>
            </div>
            <div
              className="field"
            >
              <div
                className="control"
              >
                <button
                  className="button is-link"
                >
                  Submit
                </button>
              </div>
            </div>
          </form>
        </div>
      </div>
    </div>
    <div
      className="column"
    >
      <div>
        <span>
          <strong>
            Please select one or more manuscripts and letters from the options menu, then click the "Submit" button.
          </strong>
        </span>
      </div>
    </div>
  </div>
</div>
`;
