// Jest Snapshot v1, https://goo.gl/fbAQLP

exports[`App test App should match snapshot 1`] = `
<div
  className="App"
>
  <div
    className="columns main-content"
  >
    <div
      className="column is-one-quarter"
    >
      <div
        className="box"
      >
        <h4
          className="title is-4"
        >
          Scriptchart options
        </h4>
        <form
          className="manuscript-form"
        >
          <div
            className="field"
          >
            <label
              className="control"
            >
              Select Manuscripts:
            </label>
            <div
              className="control"
            >
              <div
                className="select is-multiple"
              >
                <select
                  multiple={true}
                >
                  <option>
                    Vat. Syr. 157
                  </option>
                  <option>
                    Vat. Syr. 161
                  </option>
                  <option>
                    Vat. Syr. 283
                  </option>
                  <option>
                    Vat. Syr. 586
                  </option>
                  <option>
                    Vat. Syr. 252
                  </option>
                  <option>
                    Bor. Syr. 13
                  </option>
                  <option>
                    BL. Add. 12144
                  </option>
                  <option>
                    BL. Add. 12139
                  </option>
                  <option>
                    BL. Add. 12146
                  </option>
                </select>
              </div>
            </div>
            <div
              className="control sort-option"
            >
              <p>
                Order manuscripts by:
              </p>
              <label
                className="radio"
              >
                Shelfmark:
                <input
                  defaultChecked={true}
                  name="Shelfmark"
                  type="radio"
                />
              </label>
              <label
                className="radio"
              >
                Date:
                <input
                  name="Date"
                  type="radio"
                />
              </label>
            </div>
          </div>
          <div
            className="field"
          >
            <label
              className="control"
            >
              Select Letters:
            </label>
            <div
              className="buttons are-small"
            >
              <span
                className="button is-outlined"
                onClick={[Function]}
              >
                ܐ
              </span>
              <span
                className="button is-outlined"
                onClick={[Function]}
              >
                ܒ
              </span>
              <span
                className="button is-outlined"
                onClick={[Function]}
              >
                ܓ
              </span>
              <span
                className="button is-outlined"
                onClick={[Function]}
              >
                ܔ
              </span>
              <span
                className="button is-outlined"
                onClick={[Function]}
              >
                ܕ
              </span>
              <span
                className="button is-outlined"
                onClick={[Function]}
              >
                ܖ
              </span>
              <span
                className="button is-outlined"
                onClick={[Function]}
              >
                ܗ
              </span>
              <span
                className="button is-outlined"
                onClick={[Function]}
              >
                ܘ
              </span>
              <span
                className="button is-outlined"
                onClick={[Function]}
              >
                ܙ
              </span>
              <span
                className="button is-outlined"
                onClick={[Function]}
              >
                ܚ
              </span>
              <span
                className="button is-outlined"
                onClick={[Function]}
              >
                ܛ
              </span>
              <span
                className="button is-outlined"
                onClick={[Function]}
              >
                ܜ
              </span>
              <span
                className="button is-outlined"
                onClick={[Function]}
              >
                ܝ
              </span>
              <span
                className="button is-outlined"
                onClick={[Function]}
              >
                ܞ
              </span>
              <span
                className="button is-outlined"
                onClick={[Function]}
              >
                ܟ
              </span>
              <span
                className="button is-outlined"
                onClick={[Function]}
              >
                ܠ
              </span>
              <span
                className="button is-outlined"
                onClick={[Function]}
              >
                ܡ
              </span>
              <span
                className="button is-outlined"
                onClick={[Function]}
              >
                ܢ
              </span>
              <span
                className="button is-outlined"
                onClick={[Function]}
              >
                ܣ
              </span>
              <span
                className="button is-outlined"
                onClick={[Function]}
              >
                ܤ
              </span>
              <span
                className="button is-outlined"
                onClick={[Function]}
              >
                ܥ
              </span>
              <span
                className="button is-outlined"
                onClick={[Function]}
              >
                ܦ
              </span>
              <span
                className="button is-outlined"
                onClick={[Function]}
              >
                ܧ
              </span>
              <span
                className="button is-outlined"
                onClick={[Function]}
              >
                ܨ
              </span>
              <span
                className="button is-outlined"
                onClick={[Function]}
              >
                ܩ
              </span>
              <span
                className="button is-outlined"
                onClick={[Function]}
              >
                ܪ
              </span>
              <span
                className="button is-outlined"
                onClick={[Function]}
              >
                ܫ
              </span>
              <span
                className="button is-outlined"
                onClick={[Function]}
              >
                ܬ
              </span>
              <span
                className="button is-outlined"
                onClick={[Function]}
              >
                ܭ
              </span>
              <span
                className="button is-outlined"
                onClick={[Function]}
              >
                ܮ
              </span>
              <span
                className="button is-outlined"
                onClick={[Function]}
              >
                ܯ
              </span>
              <span
                className="button is-outlined"
                onClick={[Function]}
              >
                ݍ
              </span>
              <span
                className="button is-outlined"
                onClick={[Function]}
              >
                ݎ
              </span>
              <span
                className="button is-outlined"
                onClick={[Function]}
              >
                ݏ
              </span>
            </div>
          </div>
          <div
            className="field"
          >
            <label
              className="control"
            >
              Select number of letter examples:
            </label>
            <div
              className="control"
            >
              <div
                className="select"
              >
                <select>
                  <option>
                    1
                  </option>
                  <option>
                    2
                  </option>
                  <option>
                    3
                  </option>
                </select>
              </div>
            </div>
          </div>
          <div
            className="field"
          >
            <label
              className="checkbox"
            >
              Show binarized images?
              <input
                type="checkbox"
              />
            </label>
          </div>
          <div
            className="field"
          >
            <label
              className="control"
            >
              Select image size:
            </label>
            <div
              className="control"
            >
              <div
                className="select"
              >
                <select>
                  <option>
                    Small
                  </option>
                  <option>
                    Medium
                  </option>
                  <option>
                    Large
                  </option>
                </select>
              </div>
            </div>
          </div>
          <div
            className="field"
          >
            <div
              className="control"
            >
              <button
                className="button is-link"
              >
                Submit
              </button>
            </div>
          </div>
        </form>
      </div>
    </div>
    <div
      className="column"
    >
      <section
        className="section"
      >
        <div
          className="container is-fluid"
        >
          <div
            className="tabs is-toggle is-boxed"
          >
            <ul>
              <li
                className="is-active"
                onClick={[Function]}
              >
                <a>
                  <span
                    className="icon is-small"
                  >
                    <i
                      className="fa fa-table"
                    />
                  </span>
                  <span>
                    Scriptchart
                  </span>
                </a>
              </li>
              <li
                className=""
                onClick={[Function]}
              >
                <a>
                  <span
                    className="icon is-small"
                  >
                    <i
                      className="fa fa-image"
                    />
                  </span>
                  <span>
                    Manuscript Viewer
                  </span>
                </a>
              </li>
            </ul>
          </div>
          <div
            className="tabs-content"
          >
            <div>
              <div>
                <table
                  className="pure-table pure-table-striped"
                  style={
                    Object {
                      "overflowX": "auto",
                    }
                  }
                >
                  <thead>
                    <tr>
                      <th
                        style={
                          Object {
                            "fontWeight": "bold",
                          }
                        }
                      >
                        Scriptchart
                      </th>
                      <th>
                        Vat. Syr. 157
                      </th>
                      <th>
                        Vat. Syr. 161
                      </th>
                      <th>
                        Vat. Syr. 283
                      </th>
                      <th>
                        Vat. Syr. 586
                      </th>
                      <th>
                        Vat. Syr. 252
                      </th>
                      <th>
                        Bor. Syr. 13
                      </th>
                      <th>
                        BL. Add. 12144
                      </th>
                      <th>
                        BL. Add. 12139
                      </th>
                      <th>
                        BL. Add. 12146
                      </th>
                    </tr>
                  </thead>
                  <tbody>
                    <tr
                      className=""
                    >
                      <td
                        label="Letter"
                        style={
                          Object {
                            "fontWeight": "bold",
                          }
                        }
                      >
                        Date
                      </td>
                      <td
                        label="Vat. Syr. 157"
                      >
                        NA
                      </td>
                      <td
                        label="Vat. Syr. 161"
                      >
                        NA
                      </td>
                      <td
                        label="Vat. Syr. 283"
                      >
                        NA
                      </td>
                      <td
                        label="Vat. Syr. 586"
                      >
                        NA
                      </td>
                      <td
                        label="Vat. Syr. 252"
                      >
                        NA
                      </td>
                      <td
                        label="Bor. Syr. 13"
                      >
                        NA
                      </td>
                      <td
                        label="BL. Add. 12144"
                      >
                        1081
                      </td>
                      <td
                        label="BL. Add. 12139"
                      >
                        999-1000
                      </td>
                      <td
                        label="BL. Add. 12146"
                      >
                        1007
                      </td>
                    </tr>
                    <tr
                      className=""
                    >
                      <td
                        label="Letter"
                        style={
                          Object {
                            "fontWeight": "bold",
                          }
                        }
                      >
                        ʾĀlep̄
                      </td>
                      <td
                        label="Vat. Syr. 157"
                      >
                        <img
                          alt="letter 1"
                          src="test-file-stub"
                        />
                      </td>
                      <td
                        label="Vat. Syr. 161"
                      >
                        <img
                          alt="letter 2"
                          src="test-file-stub"
                        />
                      </td>
                      <td
                        label="Vat. Syr. 283"
                      >
                        <img
                          alt="letter 3"
                          src="test-file-stub"
                        />
                      </td>
                      <td
                        label="Vat. Syr. 586"
                      >
                        <img
                          alt="letter 4"
                          src="test-file-stub"
                        />
                      </td>
                      <td
                        label="Vat. Syr. 252"
                      >
                        <img
                          alt="letter 5"
                          src="test-file-stub"
                        />
                      </td>
                      <td
                        label="Bor. Syr. 13"
                      >
                        <img
                          alt="letter 6"
                          src="test-file-stub"
                        />
                      </td>
                      <td
                        label="BL. Add. 12144"
                      >
                        <img
                          alt="letter 7"
                          src="test-file-stub"
                        />
                      </td>
                      <td
                        label="BL. Add. 12139"
                      >
                        <img
                          alt="letter 8"
                          src="test-file-stub"
                        />
                      </td>
                      <td
                        label="BL. Add. 12146"
                      >
                        <img
                          alt="letter 9"
                          src="test-file-stub"
                        />
                      </td>
                    </tr>
                    <tr
                      className=""
                    >
                      <td
                        label="Letter"
                        style={
                          Object {
                            "fontWeight": "bold",
                          }
                        }
                      >
                        Bēṯ
                      </td>
                      <td
                        label="Vat. Syr. 157"
                      >
                        <img
                          alt="letter 10"
                          src="test-file-stub"
                        />
                      </td>
                      <td
                        label="Vat. Syr. 161"
                      >
                        <img
                          alt="letter 11"
                          src="test-file-stub"
                        />
                      </td>
                      <td
                        label="Vat. Syr. 283"
                      >
                        <img
                          alt="letter 12"
                          src="test-file-stub"
                        />
                      </td>
                      <td
                        label="Vat. Syr. 586"
                      >
                        <img
                          alt="letter 13"
                          src="test-file-stub"
                        />
                      </td>
                      <td
                        label="Vat. Syr. 252"
                      >
                        <img
                          alt="letter 14"
                          src="test-file-stub"
                        />
                      </td>
                      <td
                        label="Bor. Syr. 13"
                      >
                        <img
                          alt="letter 15"
                          src="test-file-stub"
                        />
                      </td>
                      <td
                        label="BL. Add. 12144"
                      >
                        <img
                          alt="letter 16"
                          src="test-file-stub"
                        />
                      </td>
                      <td
                        label="BL. Add. 12139"
                      >
                        <img
                          alt="letter 17"
                          src="test-file-stub"
                        />
                      </td>
                      <td
                        label="BL. Add. 12146"
                      >
                        <img
                          alt="letter 0"
                          src="test-file-stub"
                        />
                      </td>
                    </tr>
                    <tr
                      className=""
                    >
                      <td
                        label="Letter"
                        style={
                          Object {
                            "fontWeight": "bold",
                          }
                        }
                      >
                        Gāmal
                      </td>
                      <td
                        label="Vat. Syr. 157"
                      >
                        <img
                          alt="letter 1"
                          src="test-file-stub"
                        />
                      </td>
                      <td
                        label="Vat. Syr. 161"
                      >
                        <img
                          alt="letter 2"
                          src="test-file-stub"
                        />
                      </td>
                      <td
                        label="Vat. Syr. 283"
                      >
                        <img
                          alt="letter 3"
                          src="test-file-stub"
                        />
                      </td>
                      <td
                        label="Vat. Syr. 586"
                      >
                        <img
                          alt="letter 4"
                          src="test-file-stub"
                        />
                      </td>
                      <td
                        label="Vat. Syr. 252"
                      >
                        <img
                          alt="letter 5"
                          src="test-file-stub"
                        />
                      </td>
                      <td
                        label="Bor. Syr. 13"
                      >
                        <img
                          alt="letter 6"
                          src="test-file-stub"
                        />
                      </td>
                      <td
                        label="BL. Add. 12144"
                      >
                        <img
                          alt="letter 7"
                          src="test-file-stub"
                        />
                      </td>
                      <td
                        label="BL. Add. 12139"
                      >
                        <img
                          alt="letter 8"
                          src="test-file-stub"
                        />
                      </td>
                      <td
                        label="BL. Add. 12146"
                      >
                        <img
                          alt="letter 9"
                          src="test-file-stub"
                        />
                      </td>
                    </tr>
                    <tr
                      className=""
                    >
                      <td
                        label="Letter"
                        style={
                          Object {
                            "fontWeight": "bold",
                          }
                        }
                      >
                        Dālaṯ
                      </td>
                      <td
                        label="Vat. Syr. 157"
                      >
                        <img
                          alt="letter 10"
                          src="test-file-stub"
                        />
                      </td>
                      <td
                        label="Vat. Syr. 161"
                      >
                        <img
                          alt="letter 11"
                          src="test-file-stub"
                        />
                      </td>
                      <td
                        label="Vat. Syr. 283"
                      >
                        <img
                          alt="letter 12"
                          src="test-file-stub"
                        />
                      </td>
                      <td
                        label="Vat. Syr. 586"
                      >
                        <img
                          alt="letter 13"
                          src="test-file-stub"
                        />
                      </td>
                      <td
                        label="Vat. Syr. 252"
                      >
                        <img
                          alt="letter 14"
                          src="test-file-stub"
                        />
                      </td>
                      <td
                        label="Bor. Syr. 13"
                      >
                        <img
                          alt="letter 15"
                          src="test-file-stub"
                        />
                      </td>
                      <td
                        label="BL. Add. 12144"
                      >
                        <img
                          alt="letter 16"
                          src="test-file-stub"
                        />
                      </td>
                      <td
                        label="BL. Add. 12139"
                      >
                        <img
                          alt="letter 17"
                          src="test-file-stub"
                        />
                      </td>
                      <td
                        label="BL. Add. 12146"
                      >
                        <img
                          alt="letter 0"
                          src="test-file-stub"
                        />
                      </td>
                    </tr>
                    <tr
                      className=""
                    >
                      <td
                        label="Letter"
                        style={
                          Object {
                            "fontWeight": "bold",
                          }
                        }
                      >
                        Hē
                      </td>
                      <td
                        label="Vat. Syr. 157"
                      >
                        <img
                          alt="letter 1"
                          src="test-file-stub"
                        />
                      </td>
                      <td
                        label="Vat. Syr. 161"
                      >
                        <img
                          alt="letter 2"
                          src="test-file-stub"
                        />
                      </td>
                      <td
                        label="Vat. Syr. 283"
                      >
                        <img
                          alt="letter 3"
                          src="test-file-stub"
                        />
                      </td>
                      <td
                        label="Vat. Syr. 586"
                      >
                        <img
                          alt="letter 4"
                          src="test-file-stub"
                        />
                      </td>
                      <td
                        label="Vat. Syr. 252"
                      >
                        <img
                          alt="letter 5"
                          src="test-file-stub"
                        />
                      </td>
                      <td
                        label="Bor. Syr. 13"
                      >
                        <img
                          alt="letter 6"
                          src="test-file-stub"
                        />
                      </td>
                      <td
                        label="BL. Add. 12144"
                      >
                        <img
                          alt="letter 7"
                          src="test-file-stub"
                        />
                      </td>
                      <td
                        label="BL. Add. 12139"
                      >
                        <img
                          alt="letter 8"
                          src="test-file-stub"
                        />
                      </td>
                      <td
                        label="BL. Add. 12146"
                      >
                        <img
                          alt="letter 9"
                          src="test-file-stub"
                        />
                      </td>
                    </tr>
                    <tr
                      className=""
                    >
                      <td
                        label="Letter"
                        style={
                          Object {
                            "fontWeight": "bold",
                          }
                        }
                      >
                        Waw
                      </td>
                      <td
                        label="Vat. Syr. 157"
                      >
                        <img
                          alt="letter 10"
                          src="test-file-stub"
                        />
                      </td>
                      <td
                        label="Vat. Syr. 161"
                      >
                        <img
                          alt="letter 11"
                          src="test-file-stub"
                        />
                      </td>
                      <td
                        label="Vat. Syr. 283"
                      >
                        <img
                          alt="letter 12"
                          src="test-file-stub"
                        />
                      </td>
                      <td
                        label="Vat. Syr. 586"
                      >
                        <img
                          alt="letter 13"
                          src="test-file-stub"
                        />
                      </td>
                      <td
                        label="Vat. Syr. 252"
                      >
                        <img
                          alt="letter 14"
                          src="test-file-stub"
                        />
                      </td>
                      <td
                        label="Bor. Syr. 13"
                      >
                        <img
                          alt="letter 15"
                          src="test-file-stub"
                        />
                      </td>
                      <td
                        label="BL. Add. 12144"
                      >
                        <img
                          alt="letter 16"
                          src="test-file-stub"
                        />
                      </td>
                      <td
                        label="BL. Add. 12139"
                      >
                        <img
                          alt="letter 17"
                          src="test-file-stub"
                        />
                      </td>
                      <td
                        label="BL. Add. 12146"
                      >
                        <img
                          alt="letter 0"
                          src="test-file-stub"
                        />
                      </td>
                    </tr>
                  </tbody>
                </table>
              </div>
            </div>
          </div>
        </div>
      </section>
    </div>
  </div>
</div>
`;
