// Jest Snapshot v1, https://goo.gl/fbAQLP

exports[`Footer test Footer should match snapshot 1`] = `
<nav
  className="navbar is-light is-fixed-bottom"
>
  <div
    className="navbar-brand"
  />
  <div
    className="navbar-menu"
  >
    <div
      className="navbar-end"
    >
      <div
        className="navbar-item"
      >
        <p>
          Built by the Center for Interdisciplinary Digital Research (CIDR) at Stanford Libraries.
        </p>
      </div>
    </div>
  </div>
</nav>
`;
