// Jest Snapshot v1, https://goo.gl/fbAQLP

exports[`ManuscriptsLoader test ManuscriptsLoader should match snapshot 1`] = `
<select
  id="selectedShelfmarks"
  multiple={true}
  name="selectedShelfmarks"
  size="8"
  style={
    Object {
      "fontFamily": "Helvetica Neue, FontAwesome",
    }
  }
  type="string"
>
  <option
    value="Vat. Syr. 092"
  >
    Vat. Syr. 092
     (
    823
    ) 
    
  </option>
  <option
    value="Vat. Syr. 112"
  >
    Vat. Syr. 112
     (
    552
    ) 
    
  </option>
  <option
    value="Vat. Syr. 140"
  >
    Vat. Syr. 140
     (
    528
    ) 
    
  </option>
  <option
    value="BL. Add. 17224"
  >
    BL. Add. 17224
     (
    1173
    ) 
    
  </option>
  <option
    value="BL. Add. 12144"
  >
    BL. Add. 12144
     (
    1081
    ) 
    
  </option>
  <option
    value="BL. Add. 12134"
  >
    BL. Add. 12134
     (
    697
    ) 
    
  </option>
  <option
    value="BL. Add. 14445"
  >
    BL. Add. 14445
     (
    532
    ) 
    
  </option>
  <option
    value="BL. Add. 12146"
  >
    BL. Add. 12146
     (
    1007
    ) 
    
  </option>
  <option
    value="BL. Or. 8732"
  >
    BL. Or. 8732
     (
    770
    ) 
    
  </option>
  <option
    value="BL. Or. 8606"
  >
    BL. Or. 8606
     (
    723
    ) 
    
  </option>
  <option
    value="BL. Add. 17102"
  >
    BL. Add. 17102
     (
    598-599
    ) 
    
  </option>
  <option
    value="BL. Add. 17107"
  >
    BL. Add. 17107
     (
    540-541
    ) 
    
  </option>
  <option
    value="BL. Add. 12175"
  >
    BL. Add. 12175
     (
    533-534
    ) 
    
  </option>
</select>
`;
